[36mvite v8.0.10 [32mbuilding client environment for production...[36m[39m
[36mvite v8.0.10 [32mbuilding ssr environment for production...[36m[39m
[2Ktransforming...[2Ktransforming...✓ 163 modules transformed.
✓ 401 modules transformed.
rendering chunks...
rendering chunks...
computing gzip size...
dist/ssr/assets/auth.guard-DPQVH3BF.js               0.73 kB │ gzip:   0.43 kB
dist/ssr/assets/image-seo.util-C0iyjDIY.js           1.14 kB │ gzip:   0.66 kB
dist/ssr/assets/index.page-VT5UEN1H.js               1.80 kB │ gzip:   0.82 kB
dist/ssr/assets/Utility-FPYJKLxQ.js                  2.13 kB │ gzip:   0.90 kB
dist/ssr/assets/cities.config-MC9rXZhZ.js            3.69 kB │ gzip:   1.33 kB
dist/ssr/assets/terms.page-7J-qVoKt.js               4.11 kB │ gzip:   1.48 kB
dist/ssr/assets/privacy-policy.page-BwnNtVfD.js      4.69 kB │ gzip:   1.63 kB
dist/ssr/assets/index.page-CDSEtKI7.js               4.98 kB │ gzip:   1.69 kB
dist/ssr/assets/property.service-BdNcLcr6.js         6.84 kB │ gzip:   2.22 kB
dist/ssr/assets/safety-consent-CEXmQP7i.js           8.81 kB │ gzip:   2.45 kB
dist/ssr/assets/_slug_.page-DSDN6AMP.js             12.20 kB │ gzip:   3.63 kB
dist/ssr/assets/seo.service-BXF-l_gB.js             12.84 kB │ gzip:   3.96 kB
dist/ssr/assets/index.page-DAwOopmr.js              13.08 kB │ gzip:   3.75 kB
dist/ssr/assets/index.page-B3dxRSUh.js              13.13 kB │ gzip:   4.29 kB
dist/ssr/assets/_categorySlug_.page-Cv8Z9kOi.js     16.08 kB │ gzip:   4.41 kB
dist/ssr/assets/listing-card-FQHro3ds.js            16.35 kB │ gzip:   3.89 kB
dist/ssr/assets/blog-contents-BXDiQwJL.js           18.67 kB │ gzip:   7.23 kB
dist/ssr/assets/xhr2-D83ovtSn.js                    20.73 kB │ gzip:   4.79 kB
dist/ssr/assets/_id_.page-BDx6OpGu.js               22.25 kB │ gzip:   5.38 kB
dist/ssr/assets/index.page-iSgoMosZ.js              27.96 kB │ gzip:   6.83 kB
dist/ssr/assets/index.page-y-1qjLC9.js              41.21 kB │ gzip:   9.16 kB
dist/ssr/assets/index.page-DUJEBniv.js              43.99 kB │ gzip:   7.57 kB
dist/ssr/assets/select-CDCocmsq.js                  47.06 kB │ gzip:  10.86 kB
dist/ssr/assets/_citySlug_.page-C9WcPrxv.js         54.20 kB │ gzip:  11.30 kB
dist/ssr/assets/index.page-CBgJDnH8.js              74.78 kB │ gzip:  17.20 kB
dist/ssr/assets/index.page-B5RygTKT.js              86.10 kB │ gzip:  16.90 kB
dist/ssr/assets/index.page-CshLVKT_.js              89.71 kB │ gzip:  18.77 kB
dist/ssr/assets/button-DJ4lXDY0.js                  92.11 kB │ gzip:  13.83 kB
dist/ssr/assets/_id_.page-C-aOjfli.js              100.86 kB │ gzip:  18.55 kB
dist/ssr/assets/index.page-DTRQn-xx.js             105.01 kB │ gzip:  21.65 kB
dist/ssr/assets/form-field-BOhMFcKu.js             142.94 kB │ gzip:  26.00 kB
dist/ssr/assets/core-kriGkwjV.js                   412.17 kB │ gzip:  92.28 kB
dist/ssr/main.server.js                          1,484.17 kB │ gzip: 303.33 kB

[32m✓ built in 26.32s[39m
computing gzip size...
dist/client/index.html                                  5.52 kB │ gzip:     2.29 kB
dist/client/assets/index-Cy4F1_In.css                 240.90 kB │ gzip:    33.96 kB
dist/client/assets/auth.guard-CQzfgpgZ.js               0.37 kB │ gzip:     0.28 kB
dist/client/assets/image-seo.util-DB3r-pNz.js           0.54 kB │ gzip:     0.39 kB
dist/client/assets/index.page-IvR2scDd.js               0.82 kB │ gzip:     0.54 kB
dist/client/assets/chunk-CgI0sXRX.js                    0.99 kB │ gzip:     0.57 kB
dist/client/assets/Utility-YdA0TJAM.js                  1.49 kB │ gzip:     0.75 kB
dist/client/assets/index.page-OGchghGp.js               2.76 kB │ gzip:     1.31 kB
dist/client/assets/cities.config-CK3aaGP0.js            2.81 kB │ gzip:     1.12 kB
dist/client/assets/terms.page-BqDOEIss.js               2.92 kB │ gzip:     1.29 kB
dist/client/assets/privacy-policy.page-DLjkdOA8.js      3.21 kB │ gzip:     1.42 kB
dist/client/assets/property.service-DWCZPbEI.js         4.30 kB │ gzip:     1.72 kB
dist/client/assets/safety-consent-Dls3clnd.js           5.79 kB │ gzip:     2.03 kB
dist/client/assets/seo.service-IGpIhWAt.js              7.77 kB │ gzip:     2.96 kB
dist/client/assets/_slug_.page-CNwP_Cjq.js              8.71 kB │ gzip:     3.08 kB
dist/client/assets/index.page-BrmkwF7U.js               9.81 kB │ gzip:     3.70 kB
dist/client/assets/index.page-DDIfsvai.js              10.62 kB │ gzip:     3.35 kB
dist/client/assets/listing-card-C-8NfeZK.js            10.88 kB │ gzip:     3.22 kB
dist/client/assets/_categorySlug_.page-D7puCrQH.js     11.32 kB │ gzip:     3.71 kB
dist/client/assets/_id_.page-eY3xpUyK.js               15.08 kB │ gzip:     4.51 kB
dist/client/assets/index.page-BqPBdCyB.js              18.11 kB │ gzip:     5.69 kB
dist/client/assets/blog-contents-B-SUnQjC.js           18.18 kB │ gzip:     7.14 kB
dist/client/assets/index.page-Bnq3NCyE.js              24.66 kB │ gzip:     6.20 kB
dist/client/assets/index.page-DVj0qndJ.js              29.33 kB │ gzip:     7.89 kB
dist/client/assets/select-Cp2drObv.js                  30.39 kB │ gzip:     8.49 kB
dist/client/assets/_citySlug_.page-CaHtjR2w.js         37.46 kB │ gzip:     9.54 kB
dist/client/assets/index.page-B14rk1L1.js              48.42 kB │ gzip:    13.53 kB
dist/client/assets/index.page-BAiU2jiI.js              60.18 kB │ gzip:    15.11 kB
dist/client/assets/browser-BNs7ghNd.js                 65.48 kB │ gzip:    18.52 kB
dist/client/assets/_id_.page-B-Df3zHK.js               67.42 kB │ gzip:    15.84 kB
dist/client/assets/button-PMvYRE4q.js                  72.18 kB │ gzip:    11.37 kB
dist/client/assets/form-field-DqZXi70r.js             100.28 kB │ gzip:    20.31 kB
dist/client/assets/index.page-DweOvC5L.js             145.95 kB │ gzip:    45.23 kB
dist/client/assets/leaflet-src-fqn5UVz_.js            149.03 kB │ gzip:    43.40 kB
dist/client/assets/core-BpQDirj3.js                   194.51 kB │ gzip:    63.24 kB
dist/client/assets/index-CIgucTfs.js                  610.09 kB │ gzip:   160.45 kB
dist/client/assets/index.page-06UCEAyl.js           8,676.75 kB │ gzip: 2,392.78 kB

[32m✓ built in 26.85s[39m
Prerendering static pages...
Building Server...

<--- Last few GCs --->

[12584:0000018E08208000]   714405 ms: Scavenge (interleaved) 2039.4 (2047.6) -> 2039.4 (2058.6) MB, pooled: 0 MB, 15.05 / 0.00 ms  (average mu = 0.402, current mu = 0.383) allocation failure; 
[12584:0000018E08208000]   715753 ms: Mark-Compact (reduce) 2044.7 (2058.6) -> 2044.7 (2049.8) MB, pooled: 0 MB, 541.07 / 0.00 ms  (+ 471.3 ms in 85 steps since start of marking, biggest step 47.9 ms, walltime since start of marking 1068 ms) (average mu =
FATAL ERROR: Reached heap limit Allocation failed - JavaScript heap out of memory
----- Native stack trace -----

 1: 00007FF6D21FAD5F node::OnFatalError+1343
 2: 00007FF6D2E432D7 v8::Function::NewInstance+423
 3: 00007FF6D2C43997 v8::base::AddressSpaceReservation::AddressSpaceReservation+322071
 4: 00007FF6D2C41636 v8::base::AddressSpaceReservation::AddressSpaceReservation+313014
 5: 00007FF6D2CC5139 v8::Unlocker::~Unlocker+9273
 6: 00007FF6D283AB12 v8::String::Utf8Value::~Utf8Value+141746
 7: 0000018E401B733A 
